[2026-01-15 11:23:04] laravel.EMERGENCY: Unable to create configured logger. Using emergency logger. {"exception":"[object] (InvalidArgumentException(code: 0): Log [] is not defined. at C:/Users/Murtaza Lapi/Desktop/Logistic/vendor/laravel/framework/src/Illuminate/Log/LogManager.php:212)
[stacktrace]
#0 C:/Users/Murtaza Lapi/Desktop/Logistic/vendor/laravel/framework/src/Illuminate/Log/LogManager.php(137): Illuminate/Log/LogManager->resolve()
#1 C:/Users/Murtaza Lapi/Desktop/Logistic/vendor/laravel/framework/src/Illuminate/Log/LogManager.php(124): Illuminate/Log/LogManager->get()
#2 C:/Users/Murtaza Lapi/Desktop/Logistic/vendor/laravel/framework/src/Illuminate/Log/LogManager.php(681): Illuminate/Log/LogManager->driver()
#3 C:/Users/Murtaza Lapi/Desktop/Logistic/vendor/laravel/framework/src/Illuminate/Foundation/Exceptions/Handler.php(317): Illuminate/Log/LogManager->error()
#4 C:/Users/Murtaza Lapi/Desktop/Logistic/vendor/laravel/framework/src/Illuminate/Foundation/Exceptions/Handler.php(278): Illuminate/Foundation/Exceptions/Handler->reportThrowable()
#5 C:/Users/Murtaza Lapi/Desktop/Logistic/vendor/laravel/framework/src/Illuminate/Foundation/Console/Kernel.php(523): Illuminate/Foundation/Exceptions/Handler->report()
#6 C:/Users/Murtaza Lapi/Desktop/Logistic/vendor/laravel/framework/src/Illuminate/Foundation/Console/Kernel.php(203): Illuminate/Foundation/Console/Kernel->reportException()
#7 C:/Users/Murtaza Lapi/Desktop/Logistic/artisan(24): Illuminate/Foundation/Console/Kernel->handle()
#8 {main}
"} 
[2026-01-15 11:23:04] laravel.ERROR: The C:\Users\Murtaza Lapi\Desktop\Logistic\bootstrap\cache directory must be present and writable. {"exception":"[object] (Exception(code: 0): The C:\\Users\\Murtaza Lapi\\Desktop\\Logistic\\bootstrap\\cache directory must be present and writable. at C:/Users/Murtaza Lapi/Desktop/Logistic/vendor/laravel/framework/src/Illuminate/Foundation/PackageManifest.php:178)
[stacktrace]
#0 C:/Users/Murtaza Lapi/Desktop/Logistic/vendor/laravel/framework/src/Illuminate/Foundation/PackageManifest.php(131): Illuminate/Foundation/PackageManifest->write()
#1 C:/Users/Murtaza Lapi/Desktop/Logistic/vendor/laravel/framework/src/Illuminate/Foundation/PackageManifest.php(107): Illuminate/Foundation/PackageManifest->build()
#2 C:/Users/Murtaza Lapi/Desktop/Logistic/vendor/laravel/framework/src/Illuminate/Foundation/PackageManifest.php(90): Illuminate/Foundation/PackageManifest->getManifest()
#3 C:/Users/Murtaza Lapi/Desktop/Logistic/vendor/laravel/framework/src/Illuminate/Foundation/PackageManifest.php(79): Illuminate/Foundation/PackageManifest->config()
#4 C:/Users/Murtaza Lapi/Desktop/Logistic/vendor/laravel/framework/src/Illuminate/Foundation/Bootstrap/RegisterFacades.php(26): Illuminate/Foundation/PackageManifest->aliases()
#5 C:/Users/Murtaza Lapi/Desktop/Logistic/vendor/laravel/framework/src/Illuminate/Foundation/Application.php(286): Illuminate/Foundation/Bootstrap/RegisterFacades->bootstrap()
#6 C:/Users/Murtaza Lapi/Desktop/Logistic/vendor/laravel/framework/src/Illuminate/Foundation/Console/Kernel.php(447): Illuminate/Foundation/Application->bootstrapWith()
#7 C:/Users/Murtaza Lapi/Desktop/Logistic/vendor/laravel/framework/src/Illuminate/Foundation/Console/Kernel.php(199): Illuminate/Foundation/Console/Kernel->bootstrap()
#8 C:/Users/Murtaza Lapi/Desktop/Logistic/artisan(24): Illuminate/Foundation/Console/Kernel->handle()
#9 {main}
"} 
[2026-01-15 11:23:44] laravel.EMERGENCY: Unable to create configured logger. Using emergency logger. {"exception":"[object] (InvalidArgumentException(code: 0): Log [] is not defined. at C:/Users/Murtaza Lapi/Desktop/Logistic/vendor/laravel/framework/src/Illuminate/Log/LogManager.php:212)
[stacktrace]
#0 C:/Users/Murtaza Lapi/Desktop/Logistic/vendor/laravel/framework/src/Illuminate/Log/LogManager.php(137): Illuminate/Log/LogManager->resolve()
#1 C:/Users/Murtaza Lapi/Desktop/Logistic/vendor/laravel/framework/src/Illuminate/Log/LogManager.php(124): Illuminate/Log/LogManager->get()
#2 C:/Users/Murtaza Lapi/Desktop/Logistic/vendor/laravel/framework/src/Illuminate/Log/LogManager.php(681): Illuminate/Log/LogManager->driver()
#3 C:/Users/Murtaza Lapi/Desktop/Logistic/vendor/laravel/framework/src/Illuminate/Foundation/Exceptions/Handler.php(317): Illuminate/Log/LogManager->error()
#4 C:/Users/Murtaza Lapi/Desktop/Logistic/vendor/laravel/framework/src/Illuminate/Foundation/Exceptions/Handler.php(278): Illuminate/Foundation/Exceptions/Handler->reportThrowable()
#5 C:/Users/Murtaza Lapi/Desktop/Logistic/vendor/nunomaduro/collision/src/Adapters/Laravel/ExceptionHandler.php(46): Illuminate/Foundation/Exceptions/Handler->report()
#6 C:/Users/Murtaza Lapi/Desktop/Logistic/vendor/laravel/framework/src/Illuminate/Foundation/Console/Kernel.php(523): NunoMaduro/Collision/Adapters/Laravel/ExceptionHandler->report()
#7 C:/Users/Murtaza Lapi/Desktop/Logistic/vendor/laravel/framework/src/Illuminate/Foundation/Console/Kernel.php(203): Illuminate/Foundation/Console/Kernel->reportException()
#8 C:/Users/Murtaza Lapi/Desktop/Logistic/artisan(24): Illuminate/Foundation/Console/Kernel->handle()
#9 {main}
"} 
[2026-01-15 11:23:44] laravel.ERROR: Target class [files] does not exist. {"exception":"[object] (Illuminate\\Contracts\\Container\\BindingResolutionException(code: 0): Target class [files] does not exist. at C:/Users/Murtaza Lapi/Desktop/Logistic/vendor/laravel/framework/src/Illuminate/Container/Container.php:914)
[stacktrace]
#0 C:/Users/Murtaza Lapi/Desktop/Logistic/vendor/laravel/framework/src/Illuminate/Container/Container.php(795): Illuminate/Container/Container->build()
#1 C:/Users/Murtaza Lapi/Desktop/Logistic/vendor/laravel/framework/src/Illuminate/Foundation/Application.php(986): Illuminate/Container/Container->resolve()
#2 C:/Users/Murtaza Lapi/Desktop/Logistic/vendor/laravel/framework/src/Illuminate/Container/Container.php(731): Illuminate/Foundation/Application->resolve()
#3 C:/Users/Murtaza Lapi/Desktop/Logistic/vendor/laravel/framework/src/Illuminate/Foundation/Application.php(971): Illuminate/Container/Container->make()
#4 C:/Users/Murtaza Lapi/Desktop/Logistic/vendor/laravel/framework/src/Illuminate/Container/Container.php(1454): Illuminate/Foundation/Application->make()
#5 C:/Users/Murtaza Lapi/Desktop/Logistic/vendor/laravel/framework/src/Illuminate/Foundation/Application.php(1176): Illuminate/Container/Container->offsetGet()
#6 C:/Users/Murtaza Lapi/Desktop/Logistic/vendor/laravel/sanctum/src/SanctumServiceProvider.php(82): Illuminate/Foundation/Application->routesAreCached()
#7 C:/Users/Murtaza Lapi/Desktop/Logistic/vendor/laravel/sanctum/src/SanctumServiceProvider.php(58): Laravel/Sanctum/SanctumServiceProvider->defineRoutes()
#8 C:/Users/Murtaza Lapi/Desktop/Logistic/vendor/laravel/framework/src/Illuminate/Container/BoundMethod.php(36): Laravel/Sanctum/SanctumServiceProvider->boot()
#9 C:/Users/Murtaza Lapi/Desktop/Logistic/vendor/laravel/framework/src/Illuminate/Container/Util.php(41): Illuminate/Container/BoundMethod::Illuminate/Container/{closure}()
#10 C:/Users/Murtaza Lapi/Desktop/Logistic/vendor/laravel/framework/src/Illuminate/Container/BoundMethod.php(93): Illuminate/Container/Util::unwrapIfClosure()
#11 C:/Users/Murtaza Lapi/Desktop/Logistic/vendor/laravel/framework/src/Illuminate/Container/BoundMethod.php(35): Illuminate/Container/BoundMethod::callBoundMethod()
#12 C:/Users/Murtaza Lapi/Desktop/Logistic/vendor/laravel/framework/src/Illuminate/Container/Container.php(662): Illuminate/Container/BoundMethod::call()
#13 C:/Users/Murtaza Lapi/Desktop/Logistic/vendor/laravel/framework/src/Illuminate/Foundation/Application.php(1059): Illuminate/Container/Container->call()
#14 C:/Users/Murtaza Lapi/Desktop/Logistic/vendor/laravel/framework/src/Illuminate/Foundation/Application.php(1040): Illuminate/Foundation/Application->bootProvider()
#15 [internal function]: Illuminate/Foundation/Application->Illuminate/Foundation/{closure}()
#16 C:/Users/Murtaza Lapi/Desktop/Logistic/vendor/laravel/framework/src/Illuminate/Foundation/Application.php(1039): array_walk()
#17 C:/Users/Murtaza Lapi/Desktop/Logistic/vendor/laravel/framework/src/Illuminate/Foundation/Bootstrap/BootProviders.php(17): Illuminate/Foundation/Application->boot()
#18 C:/Users/Murtaza Lapi/Desktop/Logistic/vendor/laravel/framework/src/Illuminate/Foundation/Application.php(286): Illuminate/Foundation/Bootstrap/BootProviders->bootstrap()
#19 C:/Users/Murtaza Lapi/Desktop/Logistic/vendor/laravel/framework/src/Illuminate/Foundation/Console/Kernel.php(447): Illuminate/Foundation/Application->bootstrapWith()
#20 C:/Users/Murtaza Lapi/Desktop/Logistic/vendor/laravel/framework/src/Illuminate/Foundation/Console/Kernel.php(199): Illuminate/Foundation/Console/Kernel->bootstrap()
#21 C:/Users/Murtaza Lapi/Desktop/Logistic/artisan(24): Illuminate/Foundation/Console/Kernel->handle()
#22 {main}

[previous exception] [object] (ReflectionException(code: -1): Class \"files\" does not exist at C:/Users/Murtaza Lapi/Desktop/Logistic/vendor/laravel/framework/src/Illuminate/Container/Container.php:912)
[stacktrace]
#0 C:/Users/Murtaza Lapi/Desktop/Logistic/vendor/laravel/framework/src/Illuminate/Container/Container.php(912): ReflectionClass->__construct()
#1 C:/Users/Murtaza Lapi/Desktop/Logistic/vendor/laravel/framework/src/Illuminate/Container/Container.php(795): Illuminate/Container/Container->build()
#2 C:/Users/Murtaza Lapi/Desktop/Logistic/vendor/laravel/framework/src/Illuminate/Foundation/Application.php(986): Illuminate/Container/Container->resolve()
#3 C:/Users/Murtaza Lapi/Desktop/Logistic/vendor/laravel/framework/src/Illuminate/Container/Container.php(731): Illuminate/Foundation/Application->resolve()
#4 C:/Users/Murtaza Lapi/Desktop/Logistic/vendor/laravel/framework/src/Illuminate/Foundation/Application.php(971): Illuminate/Container/Container->make()
#5 C:/Users/Murtaza Lapi/Desktop/Logistic/vendor/laravel/framework/src/Illuminate/Container/Container.php(1454): Illuminate/Foundation/Application->make()
#6 C:/Users/Murtaza Lapi/Desktop/Logistic/vendor/laravel/framework/src/Illuminate/Foundation/Application.php(1176): Illuminate/Container/Container->offsetGet()
#7 C:/Users/Murtaza Lapi/Desktop/Logistic/vendor/laravel/sanctum/src/SanctumServiceProvider.php(82): Illuminate/Foundation/Application->routesAreCached()
#8 C:/Users/Murtaza Lapi/Desktop/Logistic/vendor/laravel/sanctum/src/SanctumServiceProvider.php(58): Laravel/Sanctum/SanctumServiceProvider->defineRoutes()
#9 C:/Users/Murtaza Lapi/Desktop/Logistic/vendor/laravel/framework/src/Illuminate/Container/BoundMethod.php(36): Laravel/Sanctum/SanctumServiceProvider->boot()
#10 C:/Users/Murtaza Lapi/Desktop/Logistic/vendor/laravel/framework/src/Illuminate/Container/Util.php(41): Illuminate/Container/BoundMethod::Illuminate/Container/{closure}()
#11 C:/Users/Murtaza Lapi/Desktop/Logistic/vendor/laravel/framework/src/Illuminate/Container/BoundMethod.php(93): Illuminate/Container/Util::unwrapIfClosure()
#12 C:/Users/Murtaza Lapi/Desktop/Logistic/vendor/laravel/framework/src/Illuminate/Container/BoundMethod.php(35): Illuminate/Container/BoundMethod::callBoundMethod()
#13 C:/Users/Murtaza Lapi/Desktop/Logistic/vendor/laravel/framework/src/Illuminate/Container/Container.php(662): Illuminate/Container/BoundMethod::call()
#14 C:/Users/Murtaza Lapi/Desktop/Logistic/vendor/laravel/framework/src/Illuminate/Foundation/Application.php(1059): Illuminate/Container/Container->call()
#15 C:/Users/Murtaza Lapi/Desktop/Logistic/vendor/laravel/framework/src/Illuminate/Foundation/Application.php(1040): Illuminate/Foundation/Application->bootProvider()
#16 [internal function]: Illuminate/Foundation/Application->Illuminate/Foundation/{closure}()
#17 C:/Users/Murtaza Lapi/Desktop/Logistic/vendor/laravel/framework/src/Illuminate/Foundation/Application.php(1039): array_walk()
#18 C:/Users/Murtaza Lapi/Desktop/Logistic/vendor/laravel/framework/src/Illuminate/Foundation/Bootstrap/BootProviders.php(17): Illuminate/Foundation/Application->boot()
#19 C:/Users/Murtaza Lapi/Desktop/Logistic/vendor/laravel/framework/src/Illuminate/Foundation/Application.php(286): Illuminate/Foundation/Bootstrap/BootProviders->bootstrap()
#20 C:/Users/Murtaza Lapi/Desktop/Logistic/vendor/laravel/framework/src/Illuminate/Foundation/Console/Kernel.php(447): Illuminate/Foundation/Application->bootstrapWith()
#21 C:/Users/Murtaza Lapi/Desktop/Logistic/vendor/laravel/framework/src/Illuminate/Foundation/Console/Kernel.php(199): Illuminate/Foundation/Console/Kernel->bootstrap()
#22 C:/Users/Murtaza Lapi/Desktop/Logistic/artisan(24): Illuminate/Foundation/Console/Kernel->handle()
#23 {main}
"} 
[2026-01-15 11:24:03] laravel.EMERGENCY: Unable to create configured logger. Using emergency logger. {"exception":"[object] (InvalidArgumentException(code: 0): Log [] is not defined. at C:/Users/Murtaza Lapi/Desktop/Logistic/vendor/laravel/framework/src/Illuminate/Log/LogManager.php:212)
[stacktrace]
#0 C:/Users/Murtaza Lapi/Desktop/Logistic/vendor/laravel/framework/src/Illuminate/Log/LogManager.php(137): Illuminate/Log/LogManager->resolve()
#1 C:/Users/Murtaza Lapi/Desktop/Logistic/vendor/laravel/framework/src/Illuminate/Log/LogManager.php(124): Illuminate/Log/LogManager->get()
#2 C:/Users/Murtaza Lapi/Desktop/Logistic/vendor/laravel/framework/src/Illuminate/Log/LogManager.php(681): Illuminate/Log/LogManager->driver()
#3 C:/Users/Murtaza Lapi/Desktop/Logistic/vendor/laravel/framework/src/Illuminate/Foundation/Exceptions/Handler.php(317): Illuminate/Log/LogManager->error()
#4 C:/Users/Murtaza Lapi/Desktop/Logistic/vendor/laravel/framework/src/Illuminate/Foundation/Exceptions/Handler.php(278): Illuminate/Foundation/Exceptions/Handler->reportThrowable()
#5 C:/Users/Murtaza Lapi/Desktop/Logistic/vendor/nunomaduro/collision/src/Adapters/Laravel/ExceptionHandler.php(46): Illuminate/Foundation/Exceptions/Handler->report()
#6 C:/Users/Murtaza Lapi/Desktop/Logistic/vendor/laravel/framework/src/Illuminate/Foundation/Console/Kernel.php(523): NunoMaduro/Collision/Adapters/Laravel/ExceptionHandler->report()
#7 C:/Users/Murtaza Lapi/Desktop/Logistic/vendor/laravel/framework/src/Illuminate/Foundation/Console/Kernel.php(203): Illuminate/Foundation/Console/Kernel->reportException()
#8 C:/Users/Murtaza Lapi/Desktop/Logistic/artisan(24): Illuminate/Foundation/Console/Kernel->handle()
#9 {main}
"} 
[2026-01-15 11:24:03] laravel.ERROR: Target class [files] does not exist. {"exception":"[object] (Illuminate\\Contracts\\Container\\BindingResolutionException(code: 0): Target class [files] does not exist. at C:/Users/Murtaza Lapi/Desktop/Logistic/vendor/laravel/framework/src/Illuminate/Container/Container.php:914)
[stacktrace]
#0 C:/Users/Murtaza Lapi/Desktop/Logistic/vendor/laravel/framework/src/Illuminate/Container/Container.php(795): Illuminate/Container/Container->build()
#1 C:/Users/Murtaza Lapi/Desktop/Logistic/vendor/laravel/framework/src/Illuminate/Foundation/Application.php(986): Illuminate/Container/Container->resolve()
#2 C:/Users/Murtaza Lapi/Desktop/Logistic/vendor/laravel/framework/src/Illuminate/Container/Container.php(731): Illuminate/Foundation/Application->resolve()
#3 C:/Users/Murtaza Lapi/Desktop/Logistic/vendor/laravel/framework/src/Illuminate/Foundation/Application.php(971): Illuminate/Container/Container->make()
#4 C:/Users/Murtaza Lapi/Desktop/Logistic/vendor/laravel/framework/src/Illuminate/Container/Container.php(1454): Illuminate/Foundation/Application->make()
#5 C:/Users/Murtaza Lapi/Desktop/Logistic/vendor/laravel/framework/src/Illuminate/Foundation/Application.php(1176): Illuminate/Container/Container->offsetGet()
#6 C:/Users/Murtaza Lapi/Desktop/Logistic/vendor/laravel/sanctum/src/SanctumServiceProvider.php(82): Illuminate/Foundation/Application->routesAreCached()
#7 C:/Users/Murtaza Lapi/Desktop/Logistic/vendor/laravel/sanctum/src/SanctumServiceProvider.php(58): Laravel/Sanctum/SanctumServiceProvider->defineRoutes()
#8 C:/Users/Murtaza Lapi/Desktop/Logistic/vendor/laravel/framework/src/Illuminate/Container/BoundMethod.php(36): Laravel/Sanctum/SanctumServiceProvider->boot()
#9 C:/Users/Murtaza Lapi/Desktop/Logistic/vendor/laravel/framework/src/Illuminate/Container/Util.php(41): Illuminate/Container/BoundMethod::Illuminate/Container/{closure}()
#10 C:/Users/Murtaza Lapi/Desktop/Logistic/vendor/laravel/framework/src/Illuminate/Container/BoundMethod.php(93): Illuminate/Container/Util::unwrapIfClosure()
#11 C:/Users/Murtaza Lapi/Desktop/Logistic/vendor/laravel/framework/src/Illuminate/Container/BoundMethod.php(35): Illuminate/Container/BoundMethod::callBoundMethod()
#12 C:/Users/Murtaza Lapi/Desktop/Logistic/vendor/laravel/framework/src/Illuminate/Container/Container.php(662): Illuminate/Container/BoundMethod::call()
#13 C:/Users/Murtaza Lapi/Desktop/Logistic/vendor/laravel/framework/src/Illuminate/Foundation/Application.php(1059): Illuminate/Container/Container->call()
#14 C:/Users/Murtaza Lapi/Desktop/Logistic/vendor/laravel/framework/src/Illuminate/Foundation/Application.php(1040): Illuminate/Foundation/Application->bootProvider()
#15 [internal function]: Illuminate/Foundation/Application->Illuminate/Foundation/{closure}()
#16 C:/Users/Murtaza Lapi/Desktop/Logistic/vendor/laravel/framework/src/Illuminate/Foundation/Application.php(1039): array_walk()
#17 C:/Users/Murtaza Lapi/Desktop/Logistic/vendor/laravel/framework/src/Illuminate/Foundation/Bootstrap/BootProviders.php(17): Illuminate/Foundation/Application->boot()
#18 C:/Users/Murtaza Lapi/Desktop/Logistic/vendor/laravel/framework/src/Illuminate/Foundation/Application.php(286): Illuminate/Foundation/Bootstrap/BootProviders->bootstrap()
#19 C:/Users/Murtaza Lapi/Desktop/Logistic/vendor/laravel/framework/src/Illuminate/Foundation/Console/Kernel.php(447): Illuminate/Foundation/Application->bootstrapWith()
#20 C:/Users/Murtaza Lapi/Desktop/Logistic/vendor/laravel/framework/src/Illuminate/Foundation/Console/Kernel.php(199): Illuminate/Foundation/Console/Kernel->bootstrap()
#21 C:/Users/Murtaza Lapi/Desktop/Logistic/artisan(24): Illuminate/Foundation/Console/Kernel->handle()
#22 {main}

[previous exception] [object] (ReflectionException(code: -1): Class \"files\" does not exist at C:/Users/Murtaza Lapi/Desktop/Logistic/vendor/laravel/framework/src/Illuminate/Container/Container.php:912)
[stacktrace]
#0 C:/Users/Murtaza Lapi/Desktop/Logistic/vendor/laravel/framework/src/Illuminate/Container/Container.php(912): ReflectionClass->__construct()
#1 C:/Users/Murtaza Lapi/Desktop/Logistic/vendor/laravel/framework/src/Illuminate/Container/Container.php(795): Illuminate/Container/Container->build()
#2 C:/Users/Murtaza Lapi/Desktop/Logistic/vendor/laravel/framework/src/Illuminate/Foundation/Application.php(986): Illuminate/Container/Container->resolve()
#3 C:/Users/Murtaza Lapi/Desktop/Logistic/vendor/laravel/framework/src/Illuminate/Container/Container.php(731): Illuminate/Foundation/Application->resolve()
#4 C:/Users/Murtaza Lapi/Desktop/Logistic/vendor/laravel/framework/src/Illuminate/Foundation/Application.php(971): Illuminate/Container/Container->make()
#5 C:/Users/Murtaza Lapi/Desktop/Logistic/vendor/laravel/framework/src/Illuminate/Container/Container.php(1454): Illuminate/Foundation/Application->make()
#6 C:/Users/Murtaza Lapi/Desktop/Logistic/vendor/laravel/framework/src/Illuminate/Foundation/Application.php(1176): Illuminate/Container/Container->offsetGet()
#7 C:/Users/Murtaza Lapi/Desktop/Logistic/vendor/laravel/sanctum/src/SanctumServiceProvider.php(82): Illuminate/Foundation/Application->routesAreCached()
#8 C:/Users/Murtaza Lapi/Desktop/Logistic/vendor/laravel/sanctum/src/SanctumServiceProvider.php(58): Laravel/Sanctum/SanctumServiceProvider->defineRoutes()
#9 C:/Users/Murtaza Lapi/Desktop/Logistic/vendor/laravel/framework/src/Illuminate/Container/BoundMethod.php(36): Laravel/Sanctum/SanctumServiceProvider->boot()
#10 C:/Users/Murtaza Lapi/Desktop/Logistic/vendor/laravel/framework/src/Illuminate/Container/Util.php(41): Illuminate/Container/BoundMethod::Illuminate/Container/{closure}()
#11 C:/Users/Murtaza Lapi/Desktop/Logistic/vendor/laravel/framework/src/Illuminate/Container/BoundMethod.php(93): Illuminate/Container/Util::unwrapIfClosure()
#12 C:/Users/Murtaza Lapi/Desktop/Logistic/vendor/laravel/framework/src/Illuminate/Container/BoundMethod.php(35): Illuminate/Container/BoundMethod::callBoundMethod()
#13 C:/Users/Murtaza Lapi/Desktop/Logistic/vendor/laravel/framework/src/Illuminate/Container/Container.php(662): Illuminate/Container/BoundMethod::call()
#14 C:/Users/Murtaza Lapi/Desktop/Logistic/vendor/laravel/framework/src/Illuminate/Foundation/Application.php(1059): Illuminate/Container/Container->call()
#15 C:/Users/Murtaza Lapi/Desktop/Logistic/vendor/laravel/framework/src/Illuminate/Foundation/Application.php(1040): Illuminate/Foundation/Application->bootProvider()
#16 [internal function]: Illuminate/Foundation/Application->Illuminate/Foundation/{closure}()
#17 C:/Users/Murtaza Lapi/Desktop/Logistic/vendor/laravel/framework/src/Illuminate/Foundation/Application.php(1039): array_walk()
#18 C:/Users/Murtaza Lapi/Desktop/Logistic/vendor/laravel/framework/src/Illuminate/Foundation/Bootstrap/BootProviders.php(17): Illuminate/Foundation/Application->boot()
#19 C:/Users/Murtaza Lapi/Desktop/Logistic/vendor/laravel/framework/src/Illuminate/Foundation/Application.php(286): Illuminate/Foundation/Bootstrap/BootProviders->bootstrap()
#20 C:/Users/Murtaza Lapi/Desktop/Logistic/vendor/laravel/framework/src/Illuminate/Foundation/Console/Kernel.php(447): Illuminate/Foundation/Application->bootstrapWith()
#21 C:/Users/Murtaza Lapi/Desktop/Logistic/vendor/laravel/framework/src/Illuminate/Foundation/Console/Kernel.php(199): Illuminate/Foundation/Console/Kernel->bootstrap()
#22 C:/Users/Murtaza Lapi/Desktop/Logistic/artisan(24): Illuminate/Foundation/Console/Kernel->handle()
#23 {main}
"} 
[2026-01-15 11:24:11] laravel.EMERGENCY: Unable to create configured logger. Using emergency logger. {"exception":"[object] (InvalidArgumentException(code: 0): Log [] is not defined. at C:/Users/Murtaza Lapi/Desktop/Logistic/vendor/laravel/framework/src/Illuminate/Log/LogManager.php:212)
[stacktrace]
#0 C:/Users/Murtaza Lapi/Desktop/Logistic/vendor/laravel/framework/src/Illuminate/Log/LogManager.php(137): Illuminate/Log/LogManager->resolve()
#1 C:/Users/Murtaza Lapi/Desktop/Logistic/vendor/laravel/framework/src/Illuminate/Log/LogManager.php(124): Illuminate/Log/LogManager->get()
#2 C:/Users/Murtaza Lapi/Desktop/Logistic/vendor/laravel/framework/src/Illuminate/Log/LogManager.php(681): Illuminate/Log/LogManager->driver()
#3 C:/Users/Murtaza Lapi/Desktop/Logistic/vendor/laravel/framework/src/Illuminate/Foundation/Exceptions/Handler.php(317): Illuminate/Log/LogManager->error()
#4 C:/Users/Murtaza Lapi/Desktop/Logistic/vendor/laravel/framework/src/Illuminate/Foundation/Exceptions/Handler.php(278): Illuminate/Foundation/Exceptions/Handler->reportThrowable()
#5 C:/Users/Murtaza Lapi/Desktop/Logistic/vendor/nunomaduro/collision/src/Adapters/Laravel/ExceptionHandler.php(46): Illuminate/Foundation/Exceptions/Handler->report()
#6 C:/Users/Murtaza Lapi/Desktop/Logistic/vendor/laravel/framework/src/Illuminate/Foundation/Console/Kernel.php(523): NunoMaduro/Collision/Adapters/Laravel/ExceptionHandler->report()
#7 C:/Users/Murtaza Lapi/Desktop/Logistic/vendor/laravel/framework/src/Illuminate/Foundation/Console/Kernel.php(203): Illuminate/Foundation/Console/Kernel->reportException()
#8 C:/Users/Murtaza Lapi/Desktop/Logistic/artisan(24): Illuminate/Foundation/Console/Kernel->handle()
#9 {main}
"} 
[2026-01-15 11:24:11] laravel.ERROR: Target class [files] does not exist. {"exception":"[object] (Illuminate\\Contracts\\Container\\BindingResolutionException(code: 0): Target class [files] does not exist. at C:/Users/Murtaza Lapi/Desktop/Logistic/vendor/laravel/framework/src/Illuminate/Container/Container.php:914)
[stacktrace]
#0 C:/Users/Murtaza Lapi/Desktop/Logistic/vendor/laravel/framework/src/Illuminate/Container/Container.php(795): Illuminate/Container/Container->build()
#1 C:/Users/Murtaza Lapi/Desktop/Logistic/vendor/laravel/framework/src/Illuminate/Foundation/Application.php(986): Illuminate/Container/Container->resolve()
#2 C:/Users/Murtaza Lapi/Desktop/Logistic/vendor/laravel/framework/src/Illuminate/Container/Container.php(731): Illuminate/Foundation/Application->resolve()
#3 C:/Users/Murtaza Lapi/Desktop/Logistic/vendor/laravel/framework/src/Illuminate/Foundation/Application.php(971): Illuminate/Container/Container->make()
#4 C:/Users/Murtaza Lapi/Desktop/Logistic/vendor/laravel/framework/src/Illuminate/Container/Container.php(1454): Illuminate/Foundation/Application->make()
#5 C:/Users/Murtaza Lapi/Desktop/Logistic/vendor/laravel/framework/src/Illuminate/Foundation/Application.php(1176): Illuminate/Container/Container->offsetGet()
#6 C:/Users/Murtaza Lapi/Desktop/Logistic/vendor/laravel/sanctum/src/SanctumServiceProvider.php(82): Illuminate/Foundation/Application->routesAreCached()
#7 C:/Users/Murtaza Lapi/Desktop/Logistic/vendor/laravel/sanctum/src/SanctumServiceProvider.php(58): Laravel/Sanctum/SanctumServiceProvider->defineRoutes()
#8 C:/Users/Murtaza Lapi/Desktop/Logistic/vendor/laravel/framework/src/Illuminate/Container/BoundMethod.php(36): Laravel/Sanctum/SanctumServiceProvider->boot()
#9 C:/Users/Murtaza Lapi/Desktop/Logistic/vendor/laravel/framework/src/Illuminate/Container/Util.php(41): Illuminate/Container/BoundMethod::Illuminate/Container/{closure}()
#10 C:/Users/Murtaza Lapi/Desktop/Logistic/vendor/laravel/framework/src/Illuminate/Container/BoundMethod.php(93): Illuminate/Container/Util::unwrapIfClosure()
#11 C:/Users/Murtaza Lapi/Desktop/Logistic/vendor/laravel/framework/src/Illuminate/Container/BoundMethod.php(35): Illuminate/Container/BoundMethod::callBoundMethod()
#12 C:/Users/Murtaza Lapi/Desktop/Logistic/vendor/laravel/framework/src/Illuminate/Container/Container.php(662): Illuminate/Container/BoundMethod::call()
#13 C:/Users/Murtaza Lapi/Desktop/Logistic/vendor/laravel/framework/src/Illuminate/Foundation/Application.php(1059): Illuminate/Container/Container->call()
#14 C:/Users/Murtaza Lapi/Desktop/Logistic/vendor/laravel/framework/src/Illuminate/Foundation/Application.php(1040): Illuminate/Foundation/Application->bootProvider()
#15 [internal function]: Illuminate/Foundation/Application->Illuminate/Foundation/{closure}()
#16 C:/Users/Murtaza Lapi/Desktop/Logistic/vendor/laravel/framework/src/Illuminate/Foundation/Application.php(1039): array_walk()
#17 C:/Users/Murtaza Lapi/Desktop/Logistic/vendor/laravel/framework/src/Illuminate/Foundation/Bootstrap/BootProviders.php(17): Illuminate/Foundation/Application->boot()
#18 C:/Users/Murtaza Lapi/Desktop/Logistic/vendor/laravel/framework/src/Illuminate/Foundation/Application.php(286): Illuminate/Foundation/Bootstrap/BootProviders->bootstrap()
#19 C:/Users/Murtaza Lapi/Desktop/Logistic/vendor/laravel/framework/src/Illuminate/Foundation/Console/Kernel.php(447): Illuminate/Foundation/Application->bootstrapWith()
#20 C:/Users/Murtaza Lapi/Desktop/Logistic/vendor/laravel/framework/src/Illuminate/Foundation/Console/Kernel.php(199): Illuminate/Foundation/Console/Kernel->bootstrap()
#21 C:/Users/Murtaza Lapi/Desktop/Logistic/artisan(24): Illuminate/Foundation/Console/Kernel->handle()
#22 {main}

[previous exception] [object] (ReflectionException(code: -1): Class \"files\" does not exist at C:/Users/Murtaza Lapi/Desktop/Logistic/vendor/laravel/framework/src/Illuminate/Container/Container.php:912)
[stacktrace]
#0 C:/Users/Murtaza Lapi/Desktop/Logistic/vendor/laravel/framework/src/Illuminate/Container/Container.php(912): ReflectionClass->__construct()
#1 C:/Users/Murtaza Lapi/Desktop/Logistic/vendor/laravel/framework/src/Illuminate/Container/Container.php(795): Illuminate/Container/Container->build()
#2 C:/Users/Murtaza Lapi/Desktop/Logistic/vendor/laravel/framework/src/Illuminate/Foundation/Application.php(986): Illuminate/Container/Container->resolve()
#3 C:/Users/Murtaza Lapi/Desktop/Logistic/vendor/laravel/framework/src/Illuminate/Container/Container.php(731): Illuminate/Foundation/Application->resolve()
#4 C:/Users/Murtaza Lapi/Desktop/Logistic/vendor/laravel/framework/src/Illuminate/Foundation/Application.php(971): Illuminate/Container/Container->make()
#5 C:/Users/Murtaza Lapi/Desktop/Logistic/vendor/laravel/framework/src/Illuminate/Container/Container.php(1454): Illuminate/Foundation/Application->make()
#6 C:/Users/Murtaza Lapi/Desktop/Logistic/vendor/laravel/framework/src/Illuminate/Foundation/Application.php(1176): Illuminate/Container/Container->offsetGet()
#7 C:/Users/Murtaza Lapi/Desktop/Logistic/vendor/laravel/sanctum/src/SanctumServiceProvider.php(82): Illuminate/Foundation/Application->routesAreCached()
#8 C:/Users/Murtaza Lapi/Desktop/Logistic/vendor/laravel/sanctum/src/SanctumServiceProvider.php(58): Laravel/Sanctum/SanctumServiceProvider->defineRoutes()
#9 C:/Users/Murtaza Lapi/Desktop/Logistic/vendor/laravel/framework/src/Illuminate/Container/BoundMethod.php(36): Laravel/Sanctum/SanctumServiceProvider->boot()
#10 C:/Users/Murtaza Lapi/Desktop/Logistic/vendor/laravel/framework/src/Illuminate/Container/Util.php(41): Illuminate/Container/BoundMethod::Illuminate/Container/{closure}()
#11 C:/Users/Murtaza Lapi/Desktop/Logistic/vendor/laravel/framework/src/Illuminate/Container/BoundMethod.php(93): Illuminate/Container/Util::unwrapIfClosure()
#12 C:/Users/Murtaza Lapi/Desktop/Logistic/vendor/laravel/framework/src/Illuminate/Container/BoundMethod.php(35): Illuminate/Container/BoundMethod::callBoundMethod()
#13 C:/Users/Murtaza Lapi/Desktop/Logistic/vendor/laravel/framework/src/Illuminate/Container/Container.php(662): Illuminate/Container/BoundMethod::call()
#14 C:/Users/Murtaza Lapi/Desktop/Logistic/vendor/laravel/framework/src/Illuminate/Foundation/Application.php(1059): Illuminate/Container/Container->call()
#15 C:/Users/Murtaza Lapi/Desktop/Logistic/vendor/laravel/framework/src/Illuminate/Foundation/Application.php(1040): Illuminate/Foundation/Application->bootProvider()
#16 [internal function]: Illuminate/Foundation/Application->Illuminate/Foundation/{closure}()
#17 C:/Users/Murtaza Lapi/Desktop/Logistic/vendor/laravel/framework/src/Illuminate/Foundation/Application.php(1039): array_walk()
#18 C:/Users/Murtaza Lapi/Desktop/Logistic/vendor/laravel/framework/src/Illuminate/Foundation/Bootstrap/BootProviders.php(17): Illuminate/Foundation/Application->boot()
#19 C:/Users/Murtaza Lapi/Desktop/Logistic/vendor/laravel/framework/src/Illuminate/Foundation/Application.php(286): Illuminate/Foundation/Bootstrap/BootProviders->bootstrap()
#20 C:/Users/Murtaza Lapi/Desktop/Logistic/vendor/laravel/framework/src/Illuminate/Foundation/Console/Kernel.php(447): Illuminate/Foundation/Application->bootstrapWith()
#21 C:/Users/Murtaza Lapi/Desktop/Logistic/vendor/laravel/framework/src/Illuminate/Foundation/Console/Kernel.php(199): Illuminate/Foundation/Console/Kernel->bootstrap()
#22 C:/Users/Murtaza Lapi/Desktop/Logistic/artisan(24): Illuminate/Foundation/Console/Kernel->handle()
#23 {main}
"} 
[2026-01-15 11:26:32] laravel.EMERGENCY: Unable to create configured logger. Using emergency logger. {"exception":"[object] (InvalidArgumentException(code: 0): Log [] is not defined. at C:/Users/Murtaza Lapi/Desktop/Logistic/vendor/laravel/framework/src/Illuminate/Log/LogManager.php:212)
[stacktrace]
#0 C:/Users/Murtaza Lapi/Desktop/Logistic/vendor/laravel/framework/src/Illuminate/Log/LogManager.php(137): Illuminate/Log/LogManager->resolve()
#1 C:/Users/Murtaza Lapi/Desktop/Logistic/vendor/laravel/framework/src/Illuminate/Log/LogManager.php(124): Illuminate/Log/LogManager->get()
#2 C:/Users/Murtaza Lapi/Desktop/Logistic/vendor/laravel/framework/src/Illuminate/Log/LogManager.php(681): Illuminate/Log/LogManager->driver()
#3 C:/Users/Murtaza Lapi/Desktop/Logistic/vendor/laravel/framework/src/Illuminate/Foundation/Exceptions/Handler.php(317): Illuminate/Log/LogManager->error()
#4 C:/Users/Murtaza Lapi/Desktop/Logistic/vendor/laravel/framework/src/Illuminate/Foundation/Exceptions/Handler.php(278): Illuminate/Foundation/Exceptions/Handler->reportThrowable()
#5 C:/Users/Murtaza Lapi/Desktop/Logistic/vendor/nunomaduro/collision/src/Adapters/Laravel/ExceptionHandler.php(46): Illuminate/Foundation/Exceptions/Handler->report()
#6 C:/Users/Murtaza Lapi/Desktop/Logistic/vendor/laravel/framework/src/Illuminate/Foundation/Console/Kernel.php(523): NunoMaduro/Collision/Adapters/Laravel/ExceptionHandler->report()
#7 C:/Users/Murtaza Lapi/Desktop/Logistic/vendor/laravel/framework/src/Illuminate/Foundation/Console/Kernel.php(203): Illuminate/Foundation/Console/Kernel->reportException()
#8 C:/Users/Murtaza Lapi/Desktop/Logistic/artisan(24): Illuminate/Foundation/Console/Kernel->handle()
#9 {main}
"} 
[2026-01-15 11:26:32] laravel.ERROR: Method Illuminate\Foundation\Console\ClosureCommand::hourly does not exist. {"exception":"[object] (BadMethodCallException(code: 0): Method Illuminate\\Foundation\\Console\\ClosureCommand::hourly does not exist. at C:/Users/Murtaza Lapi/Desktop/Logistic/vendor/laravel/framework/src/Illuminate/Macroable/Traits/Macroable.php:112)
[stacktrace]
#0 C:/Users/Murtaza Lapi/Desktop/Logistic/routes/console.php(8): Illuminate/Console/Command->__call()
#1 C:/Users/Murtaza Lapi/Desktop/Logistic/app/Console/Kernel.php(23): require('...')
#2 C:/Users/Murtaza Lapi/Desktop/Logistic/vendor/laravel/framework/src/Illuminate/Foundation/Console/Kernel.php(453): App/Console/Kernel->commands()
#3 C:/Users/Murtaza Lapi/Desktop/Logistic/vendor/laravel/framework/src/Illuminate/Foundation/Console/Kernel.php(199): Illuminate/Foundation/Console/Kernel->bootstrap()
#4 C:/Users/Murtaza Lapi/Desktop/Logistic/artisan(24): Illuminate/Foundation/Console/Kernel->handle()
#5 {main}
"} 
[2026-01-15 11:26:37] laravel.EMERGENCY: Unable to create configured logger. Using emergency logger. {"exception":"[object] (InvalidArgumentException(code: 0): Log [] is not defined. at C:/Users/Murtaza Lapi/Desktop/Logistic/vendor/laravel/framework/src/Illuminate/Log/LogManager.php:212)
[stacktrace]
#0 C:/Users/Murtaza Lapi/Desktop/Logistic/vendor/laravel/framework/src/Illuminate/Log/LogManager.php(137): Illuminate/Log/LogManager->resolve()
#1 C:/Users/Murtaza Lapi/Desktop/Logistic/vendor/laravel/framework/src/Illuminate/Log/LogManager.php(124): Illuminate/Log/LogManager->get()
#2 C:/Users/Murtaza Lapi/Desktop/Logistic/vendor/laravel/framework/src/Illuminate/Log/LogManager.php(681): Illuminate/Log/LogManager->driver()
#3 C:/Users/Murtaza Lapi/Desktop/Logistic/vendor/laravel/framework/src/Illuminate/Foundation/Exceptions/Handler.php(317): Illuminate/Log/LogManager->error()
#4 C:/Users/Murtaza Lapi/Desktop/Logistic/vendor/laravel/framework/src/Illuminate/Foundation/Exceptions/Handler.php(278): Illuminate/Foundation/Exceptions/Handler->reportThrowable()
#5 C:/Users/Murtaza Lapi/Desktop/Logistic/vendor/nunomaduro/collision/src/Adapters/Laravel/ExceptionHandler.php(46): Illuminate/Foundation/Exceptions/Handler->report()
#6 C:/Users/Murtaza Lapi/Desktop/Logistic/vendor/laravel/framework/src/Illuminate/Foundation/Console/Kernel.php(523): NunoMaduro/Collision/Adapters/Laravel/ExceptionHandler->report()
#7 C:/Users/Murtaza Lapi/Desktop/Logistic/vendor/laravel/framework/src/Illuminate/Foundation/Console/Kernel.php(203): Illuminate/Foundation/Console/Kernel->reportException()
#8 C:/Users/Murtaza Lapi/Desktop/Logistic/artisan(24): Illuminate/Foundation/Console/Kernel->handle()
#9 {main}
"} 
[2026-01-15 11:26:37] laravel.ERROR: Method Illuminate\Foundation\Console\ClosureCommand::hourly does not exist. {"exception":"[object] (BadMethodCallException(code: 0): Method Illuminate\\Foundation\\Console\\ClosureCommand::hourly does not exist. at C:/Users/Murtaza Lapi/Desktop/Logistic/vendor/laravel/framework/src/Illuminate/Macroable/Traits/Macroable.php:112)
[stacktrace]
#0 C:/Users/Murtaza Lapi/Desktop/Logistic/routes/console.php(8): Illuminate/Console/Command->__call()
#1 C:/Users/Murtaza Lapi/Desktop/Logistic/app/Console/Kernel.php(23): require('...')
#2 C:/Users/Murtaza Lapi/Desktop/Logistic/vendor/laravel/framework/src/Illuminate/Foundation/Console/Kernel.php(453): App/Console/Kernel->commands()
#3 C:/Users/Murtaza Lapi/Desktop/Logistic/vendor/laravel/framework/src/Illuminate/Foundation/Console/Kernel.php(199): Illuminate/Foundation/Console/Kernel->bootstrap()
#4 C:/Users/Murtaza Lapi/Desktop/Logistic/artisan(24): Illuminate/Foundation/Console/Kernel->handle()
#5 {main}
"} 
[2026-01-15 11:26:42] laravel.EMERGENCY: Unable to create configured logger. Using emergency logger. {"exception":"[object] (InvalidArgumentException(code: 0): Log [] is not defined. at C:/Users/Murtaza Lapi/Desktop/Logistic/vendor/laravel/framework/src/Illuminate/Log/LogManager.php:212)
[stacktrace]
#0 C:/Users/Murtaza Lapi/Desktop/Logistic/vendor/laravel/framework/src/Illuminate/Log/LogManager.php(137): Illuminate/Log/LogManager->resolve()
#1 C:/Users/Murtaza Lapi/Desktop/Logistic/vendor/laravel/framework/src/Illuminate/Log/LogManager.php(124): Illuminate/Log/LogManager->get()
#2 C:/Users/Murtaza Lapi/Desktop/Logistic/vendor/laravel/framework/src/Illuminate/Log/LogManager.php(681): Illuminate/Log/LogManager->driver()
#3 C:/Users/Murtaza Lapi/Desktop/Logistic/vendor/laravel/framework/src/Illuminate/Foundation/Exceptions/Handler.php(317): Illuminate/Log/LogManager->error()
#4 C:/Users/Murtaza Lapi/Desktop/Logistic/vendor/laravel/framework/src/Illuminate/Foundation/Exceptions/Handler.php(278): Illuminate/Foundation/Exceptions/Handler->reportThrowable()
#5 C:/Users/Murtaza Lapi/Desktop/Logistic/vendor/nunomaduro/collision/src/Adapters/Laravel/ExceptionHandler.php(46): Illuminate/Foundation/Exceptions/Handler->report()
#6 C:/Users/Murtaza Lapi/Desktop/Logistic/vendor/laravel/framework/src/Illuminate/Foundation/Console/Kernel.php(523): NunoMaduro/Collision/Adapters/Laravel/ExceptionHandler->report()
#7 C:/Users/Murtaza Lapi/Desktop/Logistic/vendor/laravel/framework/src/Illuminate/Foundation/Console/Kernel.php(203): Illuminate/Foundation/Console/Kernel->reportException()
#8 C:/Users/Murtaza Lapi/Desktop/Logistic/artisan(24): Illuminate/Foundation/Console/Kernel->handle()
#9 {main}
"} 
[2026-01-15 11:26:42] laravel.ERROR: Method Illuminate\Foundation\Console\ClosureCommand::hourly does not exist. {"exception":"[object] (BadMethodCallException(code: 0): Method Illuminate\\Foundation\\Console\\ClosureCommand::hourly does not exist. at C:/Users/Murtaza Lapi/Desktop/Logistic/vendor/laravel/framework/src/Illuminate/Macroable/Traits/Macroable.php:112)
[stacktrace]
#0 C:/Users/Murtaza Lapi/Desktop/Logistic/routes/console.php(8): Illuminate/Console/Command->__call()
#1 C:/Users/Murtaza Lapi/Desktop/Logistic/app/Console/Kernel.php(23): require('...')
#2 C:/Users/Murtaza Lapi/Desktop/Logistic/vendor/laravel/framework/src/Illuminate/Foundation/Console/Kernel.php(453): App/Console/Kernel->commands()
#3 C:/Users/Murtaza Lapi/Desktop/Logistic/vendor/laravel/framework/src/Illuminate/Foundation/Console/Kernel.php(199): Illuminate/Foundation/Console/Kernel->bootstrap()
#4 C:/Users/Murtaza Lapi/Desktop/Logistic/artisan(24): Illuminate/Foundation/Console/Kernel->handle()
#5 {main}
"} 
[2026-01-15 11:26:47] laravel.EMERGENCY: Unable to create configured logger. Using emergency logger. {"exception":"[object] (InvalidArgumentException(code: 0): Log [] is not defined. at C:/Users/Murtaza Lapi/Desktop/Logistic/vendor/laravel/framework/src/Illuminate/Log/LogManager.php:212)
[stacktrace]
#0 C:/Users/Murtaza Lapi/Desktop/Logistic/vendor/laravel/framework/src/Illuminate/Log/LogManager.php(137): Illuminate/Log/LogManager->resolve()
#1 C:/Users/Murtaza Lapi/Desktop/Logistic/vendor/laravel/framework/src/Illuminate/Log/LogManager.php(124): Illuminate/Log/LogManager->get()
#2 C:/Users/Murtaza Lapi/Desktop/Logistic/vendor/laravel/framework/src/Illuminate/Log/LogManager.php(681): Illuminate/Log/LogManager->driver()
#3 C:/Users/Murtaza Lapi/Desktop/Logistic/vendor/laravel/framework/src/Illuminate/Foundation/Exceptions/Handler.php(317): Illuminate/Log/LogManager->error()
#4 C:/Users/Murtaza Lapi/Desktop/Logistic/vendor/laravel/framework/src/Illuminate/Foundation/Exceptions/Handler.php(278): Illuminate/Foundation/Exceptions/Handler->reportThrowable()
#5 C:/Users/Murtaza Lapi/Desktop/Logistic/vendor/nunomaduro/collision/src/Adapters/Laravel/ExceptionHandler.php(46): Illuminate/Foundation/Exceptions/Handler->report()
#6 C:/Users/Murtaza Lapi/Desktop/Logistic/vendor/laravel/framework/src/Illuminate/Foundation/Console/Kernel.php(523): NunoMaduro/Collision/Adapters/Laravel/ExceptionHandler->report()
#7 C:/Users/Murtaza Lapi/Desktop/Logistic/vendor/laravel/framework/src/Illuminate/Foundation/Console/Kernel.php(203): Illuminate/Foundation/Console/Kernel->reportException()
#8 C:/Users/Murtaza Lapi/Desktop/Logistic/artisan(24): Illuminate/Foundation/Console/Kernel->handle()
#9 {main}
"} 
[2026-01-15 11:26:47] laravel.ERROR: Method Illuminate\Foundation\Console\ClosureCommand::hourly does not exist. {"exception":"[object] (BadMethodCallException(code: 0): Method Illuminate\\Foundation\\Console\\ClosureCommand::hourly does not exist. at C:/Users/Murtaza Lapi/Desktop/Logistic/vendor/laravel/framework/src/Illuminate/Macroable/Traits/Macroable.php:112)
[stacktrace]
#0 C:/Users/Murtaza Lapi/Desktop/Logistic/routes/console.php(8): Illuminate/Console/Command->__call()
#1 C:/Users/Murtaza Lapi/Desktop/Logistic/app/Console/Kernel.php(23): require('...')
#2 C:/Users/Murtaza Lapi/Desktop/Logistic/vendor/laravel/framework/src/Illuminate/Foundation/Console/Kernel.php(453): App/Console/Kernel->commands()
#3 C:/Users/Murtaza Lapi/Desktop/Logistic/vendor/laravel/framework/src/Illuminate/Foundation/Console/Kernel.php(199): Illuminate/Foundation/Console/Kernel->bootstrap()
#4 C:/Users/Murtaza Lapi/Desktop/Logistic/artisan(24): Illuminate/Foundation/Console/Kernel->handle()
#5 {main}
"} 
[2026-01-15 11:26:53] laravel.EMERGENCY: Unable to create configured logger. Using emergency logger. {"exception":"[object] (InvalidArgumentException(code: 0): Log [] is not defined. at C:/Users/Murtaza Lapi/Desktop/Logistic/vendor/laravel/framework/src/Illuminate/Log/LogManager.php:212)
[stacktrace]
#0 C:/Users/Murtaza Lapi/Desktop/Logistic/vendor/laravel/framework/src/Illuminate/Log/LogManager.php(137): Illuminate/Log/LogManager->resolve()
#1 C:/Users/Murtaza Lapi/Desktop/Logistic/vendor/laravel/framework/src/Illuminate/Log/LogManager.php(124): Illuminate/Log/LogManager->get()
#2 C:/Users/Murtaza Lapi/Desktop/Logistic/vendor/laravel/framework/src/Illuminate/Log/LogManager.php(681): Illuminate/Log/LogManager->driver()
#3 C:/Users/Murtaza Lapi/Desktop/Logistic/vendor/laravel/framework/src/Illuminate/Foundation/Exceptions/Handler.php(317): Illuminate/Log/LogManager->error()
#4 C:/Users/Murtaza Lapi/Desktop/Logistic/vendor/laravel/framework/src/Illuminate/Foundation/Exceptions/Handler.php(278): Illuminate/Foundation/Exceptions/Handler->reportThrowable()
#5 C:/Users/Murtaza Lapi/Desktop/Logistic/vendor/nunomaduro/collision/src/Adapters/Laravel/ExceptionHandler.php(46): Illuminate/Foundation/Exceptions/Handler->report()
#6 C:/Users/Murtaza Lapi/Desktop/Logistic/vendor/laravel/framework/src/Illuminate/Foundation/Console/Kernel.php(523): NunoMaduro/Collision/Adapters/Laravel/ExceptionHandler->report()
#7 C:/Users/Murtaza Lapi/Desktop/Logistic/vendor/laravel/framework/src/Illuminate/Foundation/Console/Kernel.php(203): Illuminate/Foundation/Console/Kernel->reportException()
#8 C:/Users/Murtaza Lapi/Desktop/Logistic/artisan(24): Illuminate/Foundation/Console/Kernel->handle()
#9 {main}
"} 
[2026-01-15 11:26:53] laravel.ERROR: Method Illuminate\Foundation\Console\ClosureCommand::hourly does not exist. {"exception":"[object] (BadMethodCallException(code: 0): Method Illuminate\\Foundation\\Console\\ClosureCommand::hourly does not exist. at C:/Users/Murtaza Lapi/Desktop/Logistic/vendor/laravel/framework/src/Illuminate/Macroable/Traits/Macroable.php:112)
[stacktrace]
#0 C:/Users/Murtaza Lapi/Desktop/Logistic/routes/console.php(8): Illuminate/Console/Command->__call()
#1 C:/Users/Murtaza Lapi/Desktop/Logistic/app/Console/Kernel.php(23): require('...')
#2 C:/Users/Murtaza Lapi/Desktop/Logistic/vendor/laravel/framework/src/Illuminate/Foundation/Console/Kernel.php(453): App/Console/Kernel->commands()
#3 C:/Users/Murtaza Lapi/Desktop/Logistic/vendor/laravel/framework/src/Illuminate/Foundation/Console/Kernel.php(199): Illuminate/Foundation/Console/Kernel->bootstrap()
#4 C:/Users/Murtaza Lapi/Desktop/Logistic/artisan(24): Illuminate/Foundation/Console/Kernel->handle()
#5 {main}
"} 
[2026-01-15 11:27:03] laravel.EMERGENCY: Unable to create configured logger. Using emergency logger. {"exception":"[object] (InvalidArgumentException(code: 0): Log [] is not defined. at C:/Users/Murtaza Lapi/Desktop/Logistic/vendor/laravel/framework/src/Illuminate/Log/LogManager.php:212)
[stacktrace]
#0 C:/Users/Murtaza Lapi/Desktop/Logistic/vendor/laravel/framework/src/Illuminate/Log/LogManager.php(137): Illuminate/Log/LogManager->resolve()
#1 C:/Users/Murtaza Lapi/Desktop/Logistic/vendor/laravel/framework/src/Illuminate/Log/LogManager.php(124): Illuminate/Log/LogManager->get()
#2 C:/Users/Murtaza Lapi/Desktop/Logistic/vendor/laravel/framework/src/Illuminate/Log/LogManager.php(681): Illuminate/Log/LogManager->driver()
#3 C:/Users/Murtaza Lapi/Desktop/Logistic/vendor/laravel/framework/src/Illuminate/Foundation/Exceptions/Handler.php(317): Illuminate/Log/LogManager->error()
#4 C:/Users/Murtaza Lapi/Desktop/Logistic/vendor/laravel/framework/src/Illuminate/Foundation/Exceptions/Handler.php(278): Illuminate/Foundation/Exceptions/Handler->reportThrowable()
#5 C:/Users/Murtaza Lapi/Desktop/Logistic/vendor/nunomaduro/collision/src/Adapters/Laravel/ExceptionHandler.php(46): Illuminate/Foundation/Exceptions/Handler->report()
#6 C:/Users/Murtaza Lapi/Desktop/Logistic/vendor/laravel/framework/src/Illuminate/Foundation/Console/Kernel.php(523): NunoMaduro/Collision/Adapters/Laravel/ExceptionHandler->report()
#7 C:/Users/Murtaza Lapi/Desktop/Logistic/vendor/laravel/framework/src/Illuminate/Foundation/Console/Kernel.php(203): Illuminate/Foundation/Console/Kernel->reportException()
#8 C:/Users/Murtaza Lapi/Desktop/Logistic/artisan(24): Illuminate/Foundation/Console/Kernel->handle()
#9 {main}
"} 
[2026-01-15 11:27:03] laravel.ERROR: file_get_contents(C:\Users\Murtaza Lapi\Desktop\Logistic\.env): Failed to open stream: No such file or directory {"exception":"[object] (ErrorException(code: 0): file_get_contents(C:\\Users\\Murtaza Lapi\\Desktop\\Logistic\\.env): Failed to open stream: No such file or directory at C:/Users/Murtaza Lapi/Desktop/Logistic/vendor/laravel/framework/src/Illuminate/Foundation/Console/KeyGenerateCommand.php:100)
[stacktrace]
#0 C:/Users/Murtaza Lapi/Desktop/Logistic/vendor/laravel/framework/src/Illuminate/Foundation/Bootstrap/HandleExceptions.php(255): Illuminate/Foundation/Bootstrap/HandleExceptions->handleError()
#1 [internal function]: Illuminate/Foundation/Bootstrap/HandleExceptions->Illuminate/Foundation/Bootstrap/{closure}()
#2 C:/Users/Murtaza Lapi/Desktop/Logistic/vendor/laravel/framework/src/Illuminate/Foundation/Console/KeyGenerateCommand.php(100): file_get_contents()
#3 C:/Users/Murtaza Lapi/Desktop/Logistic/vendor/laravel/framework/src/Illuminate/Foundation/Console/KeyGenerateCommand.php(82): Illuminate/Foundation/Console/KeyGenerateCommand->writeNewEnvironmentFileWith()
#4 C:/Users/Murtaza Lapi/Desktop/Logistic/vendor/laravel/framework/src/Illuminate/Foundation/Console/KeyGenerateCommand.php(47): Illuminate/Foundation/Console/KeyGenerateCommand->setKeyInEnvironmentFile()
#5 C:/Users/Murtaza Lapi/Desktop/Logistic/vendor/laravel/framework/src/Illuminate/Container/BoundMethod.php(36): Illuminate/Foundation/Console/KeyGenerateCommand->handle()
#6 C:/Users/Murtaza Lapi/Desktop/Logistic/vendor/laravel/framework/src/Illuminate/Container/Util.php(41): Illuminate/Container/BoundMethod::Illuminate/Container/{closure}()
#7 C:/Users/Murtaza Lapi/Desktop/Logistic/vendor/laravel/framework/src/Illuminate/Container/BoundMethod.php(93): Illuminate/Container/Util::unwrapIfClosure()
#8 C:/Users/Murtaza Lapi/Desktop/Logistic/vendor/laravel/framework/src/Illuminate/Container/BoundMethod.php(35): Illuminate/Container/BoundMethod::callBoundMethod()
#9 C:/Users/Murtaza Lapi/Desktop/Logistic/vendor/laravel/framework/src/Illuminate/Container/Container.php(662): Illuminate/Container/BoundMethod::call()
#10 C:/Users/Murtaza Lapi/Desktop/Logistic/vendor/laravel/framework/src/Illuminate/Console/Command.php(211): Illuminate/Container/Container->call()
#11 C:/Users/Murtaza Lapi/Desktop/Logistic/vendor/symfony/console/Command/Command.php(326): Illuminate/Console/Command->execute()
#12 C:/Users/Murtaza Lapi/Desktop/Logistic/vendor/laravel/framework/src/Illuminate/Console/Command.php(180): Symfony/Component/Console/Command/Command->run()
#13 C:/Users/Murtaza Lapi/Desktop/Logistic/vendor/symfony/console/Application.php(1106): Illuminate/Console/Command->run()
#14 C:/Users/Murtaza Lapi/Desktop/Logistic/vendor/symfony/console/Application.php(324): Symfony/Component/Console/Application->doRunCommand()
#15 C:/Users/Murtaza Lapi/Desktop/Logistic/vendor/symfony/console/Application.php(175): Symfony/Component/Console/Application->doRun()
#16 C:/Users/Murtaza Lapi/Desktop/Logistic/vendor/laravel/framework/src/Illuminate/Foundation/Console/Kernel.php(201): Symfony/Component/Console/Application->run()
#17 C:/Users/Murtaza Lapi/Desktop/Logistic/artisan(24): Illuminate/Foundation/Console/Kernel->handle()
#18 {main}
"} 
[2026-01-15 11:27:07] laravel.EMERGENCY: Unable to create configured logger. Using emergency logger. {"exception":"[object] (InvalidArgumentException(code: 0): Log [] is not defined. at C:/Users/Murtaza Lapi/Desktop/Logistic/vendor/laravel/framework/src/Illuminate/Log/LogManager.php:212)
[stacktrace]
#0 C:/Users/Murtaza Lapi/Desktop/Logistic/vendor/laravel/framework/src/Illuminate/Log/LogManager.php(137): Illuminate/Log/LogManager->resolve()
#1 C:/Users/Murtaza Lapi/Desktop/Logistic/vendor/laravel/framework/src/Illuminate/Log/LogManager.php(124): Illuminate/Log/LogManager->get()
#2 C:/Users/Murtaza Lapi/Desktop/Logistic/vendor/laravel/framework/src/Illuminate/Log/LogManager.php(681): Illuminate/Log/LogManager->driver()
#3 C:/Users/Murtaza Lapi/Desktop/Logistic/vendor/laravel/framework/src/Illuminate/Foundation/Exceptions/Handler.php(317): Illuminate/Log/LogManager->error()
#4 C:/Users/Murtaza Lapi/Desktop/Logistic/vendor/laravel/framework/src/Illuminate/Foundation/Exceptions/Handler.php(278): Illuminate/Foundation/Exceptions/Handler->reportThrowable()
#5 C:/Users/Murtaza Lapi/Desktop/Logistic/vendor/nunomaduro/collision/src/Adapters/Laravel/ExceptionHandler.php(46): Illuminate/Foundation/Exceptions/Handler->report()
#6 C:/Users/Murtaza Lapi/Desktop/Logistic/vendor/laravel/framework/src/Illuminate/Foundation/Console/Kernel.php(523): NunoMaduro/Collision/Adapters/Laravel/ExceptionHandler->report()
#7 C:/Users/Murtaza Lapi/Desktop/Logistic/vendor/laravel/framework/src/Illuminate/Foundation/Console/Kernel.php(203): Illuminate/Foundation/Console/Kernel->reportException()
#8 C:/Users/Murtaza Lapi/Desktop/Logistic/artisan(24): Illuminate/Foundation/Console/Kernel->handle()
#9 {main}
"} 
[2026-01-15 11:27:07] laravel.ERROR: Database connection [] not configured. {"exception":"[object] (InvalidArgumentException(code: 0): Database connection [] not configured. at C:/Users/Murtaza Lapi/Desktop/Logistic/vendor/laravel/framework/src/Illuminate/Database/DatabaseManager.php:196)
[stacktrace]
#0 C:/Users/Murtaza Lapi/Desktop/Logistic/vendor/laravel/framework/src/Illuminate/Database/DatabaseManager.php(159): Illuminate/Database/DatabaseManager->configuration()
#1 C:/Users/Murtaza Lapi/Desktop/Logistic/vendor/laravel/framework/src/Illuminate/Database/DatabaseManager.php(101): Illuminate/Database/DatabaseManager->makeConnection()
#2 C:/Users/Murtaza Lapi/Desktop/Logistic/vendor/laravel/framework/src/Illuminate/Database/Migrations/DatabaseMigrationRepository.php(226): Illuminate/Database/DatabaseManager->connection()
#3 C:/Users/Murtaza Lapi/Desktop/Logistic/vendor/laravel/framework/src/Illuminate/Database/Migrations/DatabaseMigrationRepository.php(182): Illuminate/Database/Migrations/DatabaseMigrationRepository->getConnection()
#4 C:/Users/Murtaza Lapi/Desktop/Logistic/vendor/laravel/framework/src/Illuminate/Database/Migrations/Migrator.php(727): Illuminate/Database/Migrations/DatabaseMigrationRepository->repositoryExists()
#5 C:/Users/Murtaza Lapi/Desktop/Logistic/vendor/laravel/framework/src/Illuminate/Database/Console/Migrations/MigrateCommand.php(140): Illuminate/Database/Migrations/Migrator->repositoryExists()
#6 C:/Users/Murtaza Lapi/Desktop/Logistic/vendor/laravel/framework/src/Illuminate/Support/helpers.php(261): Illuminate/Database/Console/Migrations/MigrateCommand->Illuminate/Database/Console/Migrations/{closure}()
#7 C:/Users/Murtaza Lapi/Desktop/Logistic/vendor/laravel/framework/src/Illuminate/Database/Console/Migrations/MigrateCommand.php(140): retry()
#8 C:/Users/Murtaza Lapi/Desktop/Logistic/vendor/laravel/framework/src/Illuminate/Database/Console/Migrations/MigrateCommand.php(116): Illuminate/Database/Console/Migrations/MigrateCommand->repositoryExists()
#9 C:/Users/Murtaza Lapi/Desktop/Logistic/vendor/laravel/framework/src/Illuminate/Database/Console/Migrations/MigrateCommand.php(84): Illuminate/Database/Console/Migrations/MigrateCommand->prepareDatabase()
#10 C:/Users/Murtaza Lapi/Desktop/Logistic/vendor/laravel/framework/src/Illuminate/Database/Migrations/Migrator.php(641): Illuminate/Database/Console/Migrations/MigrateCommand->Illuminate/Database/Console/Migrations/{closure}()
#11 C:/Users/Murtaza Lapi/Desktop/Logistic/vendor/laravel/framework/src/Illuminate/Database/Console/Migrations/MigrateCommand.php(83): Illuminate/Database/Migrations/Migrator->usingConnection()
#12 C:/Users/Murtaza Lapi/Desktop/Logistic/vendor/laravel/framework/src/Illuminate/Container/BoundMethod.php(36): Illuminate/Database/Console/Migrations/MigrateCommand->handle()
#13 C:/Users/Murtaza Lapi/Desktop/Logistic/vendor/laravel/framework/src/Illuminate/Container/Util.php(41): Illuminate/Container/BoundMethod::Illuminate/Container/{closure}()
#14 C:/Users/Murtaza Lapi/Desktop/Logistic/vendor/laravel/framework/src/Illuminate/Container/BoundMethod.php(93): Illuminate/Container/Util::unwrapIfClosure()
#15 C:/Users/Murtaza Lapi/Desktop/Logistic/vendor/laravel/framework/src/Illuminate/Container/BoundMethod.php(35): Illuminate/Container/BoundMethod::callBoundMethod()
#16 C:/Users/Murtaza Lapi/Desktop/Logistic/vendor/laravel/framework/src/Illuminate/Container/Container.php(662): Illuminate/Container/BoundMethod::call()
#17 C:/Users/Murtaza Lapi/Desktop/Logistic/vendor/laravel/framework/src/Illuminate/Console/Command.php(211): Illuminate/Container/Container->call()
#18 C:/Users/Murtaza Lapi/Desktop/Logistic/vendor/symfony/console/Command/Command.php(326): Illuminate/Console/Command->execute()
#19 C:/Users/Murtaza Lapi/Desktop/Logistic/vendor/laravel/framework/src/Illuminate/Console/Command.php(180): Symfony/Component/Console/Command/Command->run()
#20 C:/Users/Murtaza Lapi/Desktop/Logistic/vendor/symfony/console/Application.php(1106): Illuminate/Console/Command->run()
#21 C:/Users/Murtaza Lapi/Desktop/Logistic/vendor/symfony/console/Application.php(324): Symfony/Component/Console/Application->doRunCommand()
#22 C:/Users/Murtaza Lapi/Desktop/Logistic/vendor/symfony/console/Application.php(175): Symfony/Component/Console/Application->doRun()
#23 C:/Users/Murtaza Lapi/Desktop/Logistic/vendor/laravel/framework/src/Illuminate/Foundation/Console/Kernel.php(201): Symfony/Component/Console/Application->run()
#24 C:/Users/Murtaza Lapi/Desktop/Logistic/artisan(24): Illuminate/Foundation/Console/Kernel->handle()
#25 {main}
"} 
[2026-01-15 11:27:13] laravel.EMERGENCY: Unable to create configured logger. Using emergency logger. {"exception":"[object] (InvalidArgumentException(code: 0): Log [] is not defined. at C:/Users/Murtaza Lapi/Desktop/Logistic/vendor/laravel/framework/src/Illuminate/Log/LogManager.php:212)
[stacktrace]
#0 C:/Users/Murtaza Lapi/Desktop/Logistic/vendor/laravel/framework/src/Illuminate/Log/LogManager.php(137): Illuminate/Log/LogManager->resolve()
#1 C:/Users/Murtaza Lapi/Desktop/Logistic/vendor/laravel/framework/src/Illuminate/Log/LogManager.php(124): Illuminate/Log/LogManager->get()
#2 C:/Users/Murtaza Lapi/Desktop/Logistic/vendor/laravel/framework/src/Illuminate/Log/LogManager.php(681): Illuminate/Log/LogManager->driver()
#3 C:/Users/Murtaza Lapi/Desktop/Logistic/vendor/laravel/framework/src/Illuminate/Foundation/Exceptions/Handler.php(317): Illuminate/Log/LogManager->error()
#4 C:/Users/Murtaza Lapi/Desktop/Logistic/vendor/laravel/framework/src/Illuminate/Foundation/Exceptions/Handler.php(278): Illuminate/Foundation/Exceptions/Handler->reportThrowable()
#5 C:/Users/Murtaza Lapi/Desktop/Logistic/vendor/nunomaduro/collision/src/Adapters/Laravel/ExceptionHandler.php(46): Illuminate/Foundation/Exceptions/Handler->report()
#6 C:/Users/Murtaza Lapi/Desktop/Logistic/vendor/laravel/framework/src/Illuminate/Foundation/Console/Kernel.php(523): NunoMaduro/Collision/Adapters/Laravel/ExceptionHandler->report()
#7 C:/Users/Murtaza Lapi/Desktop/Logistic/vendor/laravel/framework/src/Illuminate/Foundation/Console/Kernel.php(203): Illuminate/Foundation/Console/Kernel->reportException()
#8 C:/Users/Murtaza Lapi/Desktop/Logistic/artisan(24): Illuminate/Foundation/Console/Kernel->handle()
#9 {main}
"} 
[2026-01-15 11:27:13] laravel.ERROR: Database connection [] not configured. {"exception":"[object] (InvalidArgumentException(code: 0): Database connection [] not configured. at C:/Users/Murtaza Lapi/Desktop/Logistic/vendor/laravel/framework/src/Illuminate/Database/DatabaseManager.php:196)
[stacktrace]
#0 C:/Users/Murtaza Lapi/Desktop/Logistic/vendor/laravel/framework/src/Illuminate/Database/DatabaseManager.php(159): Illuminate/Database/DatabaseManager->configuration()
#1 C:/Users/Murtaza Lapi/Desktop/Logistic/vendor/laravel/framework/src/Illuminate/Database/DatabaseManager.php(101): Illuminate/Database/DatabaseManager->makeConnection()
#2 C:/Users/Murtaza Lapi/Desktop/Logistic/vendor/laravel/framework/src/Illuminate/Database/Eloquent/Model.php(1820): Illuminate/Database/DatabaseManager->connection()
#3 C:/Users/Murtaza Lapi/Desktop/Logistic/vendor/laravel/framework/src/Illuminate/Database/Eloquent/Model.php(1786): Illuminate/Database/Eloquent/Model::resolveConnection()
#4 C:/Users/Murtaza Lapi/Desktop/Logistic/vendor/laravel/framework/src/Illuminate/Database/Eloquent/Model.php(1577): Illuminate/Database/Eloquent/Model->getConnection()
#5 C:/Users/Murtaza Lapi/Desktop/Logistic/vendor/laravel/framework/src/Illuminate/Database/Eloquent/Model.php(1496): Illuminate/Database/Eloquent/Model->newBaseQueryBuilder()
#6 C:/Users/Murtaza Lapi/Desktop/Logistic/vendor/laravel/framework/src/Illuminate/Database/Eloquent/Model.php(1532): Illuminate/Database/Eloquent/Model->newModelQuery()
#7 C:/Users/Murtaza Lapi/Desktop/Logistic/vendor/laravel/framework/src/Illuminate/Database/Eloquent/Model.php(1485): Illuminate/Database/Eloquent/Model->newQueryWithoutScopes()
#8 C:/Users/Murtaza Lapi/Desktop/Logistic/vendor/laravel/framework/src/Illuminate/Database/Eloquent/Model.php(2335): Illuminate/Database/Eloquent/Model->newQuery()
#9 C:/Users/Murtaza Lapi/Desktop/Logistic/vendor/laravel/framework/src/Illuminate/Database/Eloquent/Model.php(2347): Illuminate/Database/Eloquent/Model->__call()
#10 C:/Users/Murtaza Lapi/Desktop/Logistic/database/seeders/DatabaseSeeder.php(23): Illuminate/Database/Eloquent/Model::__callStatic()
#11 C:/Users/Murtaza Lapi/Desktop/Logistic/vendor/laravel/framework/src/Illuminate/Container/BoundMethod.php(36): Database/Seeders/DatabaseSeeder->run()
#12 C:/Users/Murtaza Lapi/Desktop/Logistic/vendor/laravel/framework/src/Illuminate/Container/Util.php(41): Illuminate/Container/BoundMethod::Illuminate/Container/{closure}()
#13 C:/Users/Murtaza Lapi/Desktop/Logistic/vendor/laravel/framework/src/Illuminate/Container/BoundMethod.php(93): Illuminate/Container/Util::unwrapIfClosure()
#14 C:/Users/Murtaza Lapi/Desktop/Logistic/vendor/laravel/framework/src/Illuminate/Container/BoundMethod.php(35): Illuminate/Container/BoundMethod::callBoundMethod()
#15 C:/Users/Murtaza Lapi/Desktop/Logistic/vendor/laravel/framework/src/Illuminate/Container/Container.php(662): Illuminate/Container/BoundMethod::call()
#16 C:/Users/Murtaza Lapi/Desktop/Logistic/vendor/laravel/framework/src/Illuminate/Database/Seeder.php(184): Illuminate/Container/Container->call()
#17 C:/Users/Murtaza Lapi/Desktop/Logistic/vendor/laravel/framework/src/Illuminate/Database/Seeder.php(193): Illuminate/Database/Seeder->Illuminate/Database/{closure}()
#18 C:/Users/Murtaza Lapi/Desktop/Logistic/vendor/laravel/framework/src/Illuminate/Database/Console/Seeds/SeedCommand.php(70): Illuminate/Database/Seeder->__invoke()
#19 C:/Users/Murtaza Lapi/Desktop/Logistic/vendor/laravel/framework/src/Illuminate/Database/Eloquent/Concerns/GuardsAttributes.php(155): Illuminate/Database/Console/Seeds/SeedCommand->Illuminate/Database/Console/Seeds/{closure}()
#20 C:/Users/Murtaza Lapi/Desktop/Logistic/vendor/laravel/framework/src/Illuminate/Database/Console/Seeds/SeedCommand.php(69): Illuminate/Database/Eloquent/Model::unguarded()
#21 C:/Users/Murtaza Lapi/Desktop/Logistic/vendor/laravel/framework/src/Illuminate/Container/BoundMethod.php(36): Illuminate/Database/Console/Seeds/SeedCommand->handle()
#22 C:/Users/Murtaza Lapi/Desktop/Logistic/vendor/laravel/framework/src/Illuminate/Container/Util.php(41): Illuminate/Container/BoundMethod::Illuminate/Container/{closure}()
#23 C:/Users/Murtaza Lapi/Desktop/Logistic/vendor/laravel/framework/src/Illuminate/Container/BoundMethod.php(93): Illuminate/Container/Util::unwrapIfClosure()
#24 C:/Users/Murtaza Lapi/Desktop/Logistic/vendor/laravel/framework/src/Illuminate/Container/BoundMethod.php(35): Illuminate/Container/BoundMethod::callBoundMethod()
#25 C:/Users/Murtaza Lapi/Desktop/Logistic/vendor/laravel/framework/src/Illuminate/Container/Container.php(662): Illuminate/Container/BoundMethod::call()
#26 C:/Users/Murtaza Lapi/Desktop/Logistic/vendor/laravel/framework/src/Illuminate/Console/Command.php(211): Illuminate/Container/Container->call()
#27 C:/Users/Murtaza Lapi/Desktop/Logistic/vendor/symfony/console/Command/Command.php(326): Illuminate/Console/Command->execute()
#28 C:/Users/Murtaza Lapi/Desktop/Logistic/vendor/laravel/framework/src/Illuminate/Console/Command.php(180): Symfony/Component/Console/Command/Command->run()
#29 C:/Users/Murtaza Lapi/Desktop/Logistic/vendor/symfony/console/Application.php(1106): Illuminate/Console/Command->run()
#30 C:/Users/Murtaza Lapi/Desktop/Logistic/vendor/symfony/console/Application.php(324): Symfony/Component/Console/Application->doRunCommand()
#31 C:/Users/Murtaza Lapi/Desktop/Logistic/vendor/symfony/console/Application.php(175): Symfony/Component/Console/Application->doRun()
#32 C:/Users/Murtaza Lapi/Desktop/Logistic/vendor/laravel/framework/src/Illuminate/Foundation/Console/Kernel.php(201): Symfony/Component/Console/Application->run()
#33 C:/Users/Murtaza Lapi/Desktop/Logistic/artisan(24): Illuminate/Foundation/Console/Kernel->handle()
#34 {main}
"} 
